val it = () : unit
bug1573.1.sml:5.3-5.40 Error: operator and operand don't agree [equality type required]
  operator domain: ''Z * ''Z
  operand:         'Y A.array * 'X A.array
  in expression:
    A.fromList nil = A.fromList nil
