val it = () : unit
exception foo
val foo' = fn : 'a -> 'b
bug705.sml:6.1-6.8 Warning: type vars not generalized because of
   value restriction are instantiated to dummy types (X1,X2,...)

uncaught exception foo
  raised at: bug705.sml:5.21-5.24
