val it = () : unit
bug1160.sml:3.1-3.18 Error: pattern and expression in val dec don't agree [tycon mismatch]
  pattern:    'Z * 'Y
  expression:    bool
  in declaration:
    (_,x) =
      (case true
        of (_,x) => {1=x})

