val it = () : unit
functor F : <sig>
structure A : sig type  s = int end
