val it = () : unit
bug1407.1.sml:3.1-3.13 Error: unbound variable or constructor: array0 in path Array.array0
