val it = () : unit
bug1325.sml:3.44-3.66 Error: unbound structure: Filesys in path Posix.Filesys.O_RDONLY
bug1325.sml:3.1-3.70 Error: operator and operand don't agree [literal]
  operator domain: string * ?.POSIX_FileSys.open_mode * ?.POSIX_FileSys.O.flags
  operand:         string * _ * int
  in expression:
    Posix.FileSys.openf ("/etc/passwd",<errorvar>,0)
