val it = () : unit
bug104.sml:3.2-3.11 Error: syntax error: deleting  INT0 EQUALOP
