val it = () : unit
r017i-fl.sml:21.29-21.38 Error: operator and operand don't agree [literal]
  operator domain: int ref * int
  operand:         int ref * bool
  in expression:
    y := true

