val it = () : unit
signature S =
  sig
    type foo
    val f : int -> foo
  end
bug0220.sml:8.1-11.4 Error: unmatched type specification: foo

