val it = () : unit
type 'a ID = 'a
val f = fn : 'a -> 'a ID
val g = fn : 'a -> 'b

