val it = () : unit
functor F(<param>: sig end) :
         sig
           val mk_t : t
           type t
         end
structure f :
  sig
    val mk_t : t
    type t
  end
structure f :
  sig
    val mk_t : t
    type t
  end

