val it = () : unit
val it = 1 : int
bug140.sml:5.1-8.1 Error: unclosed comment

