val it = () : unit
val f = fn : int -> 'a

uncaught exception Overflow [overflow]
  raised at: <file stdIn>

