val it = () : unit
bug989.1.sml:7.16-7.24 Error: nonlocal path in type sharing: unit

