val it = () : unit
functor F(<param>: sig end) :
         sig
           type d
           structure A : <sig>
         end

