val it = () : unit
313.sml:3.1-3.56 Error: unmatched type specification: t
313.sml:23.5-25.8 Error: unbound structure: U
313.sml:37.1-40.4 Error: unmatched type specification: u

