val it = () : unit
datatype unit = C
val it = () : ?.unit

