val it = () : unit

uncaught exception Div [divide by zero]
  raised at: <file stdIn>

